<?xml version="1.0" encoding="UTF-8"?>
<TestRun id="77c17498-c8df-4969-a8cc-48c621606d92" name="admin@QA-PC 2011-07-13 12:32:27" runUser="QA-PC\admin" xmlns="http://microsoft.com/schemas/VisualStudio/TeamTest/2010">
  <TestSettings name="Local" id="7637512d-7cbd-4d67-9f39-cc9f620de904">
    <Description>These are default test settings for a local test run.</Description>
    <Deployment enabled="false" runDeploymentRoot="admin_QA-PC 2011-07-13 12_32_27">
      <DeploymentItem filename="E:\Harish\Personal\Project\RepositoryPattern\Reference\StructureMap.dll" />
      <DeploymentItem filename="E:\Harish\Personal\Project\RepositoryPattern\BussinessLayer\bin\Debug\BussinessLayer.dll" />
      <DeploymentItem filename="E:\Harish\Personal\Project\RepositoryPattern\DataAccessLayer\bin\Debug\DataAccessLayer.dll" />
    </Deployment>
    <Execution>
      <TestTypeSpecific />
      <AgentRule name="Execution Agents">
      </AgentRule>
    </Execution>
  </TestSettings>
  <Times creation="2011-07-13T12:32:27.4829446+05:30" queuing="2011-07-13T12:32:28.5400051+05:30" start="2011-07-13T12:32:28.6400108+05:30" finish="2011-07-13T12:33:03.9640312+05:30" />
  <ResultSummary outcome="Error">
    <Counters total="8" executed="2" passed="1" error="0" failed="0" timeout="0" aborted="1" inconclusive="0" passedButRunAborted="0" notRunnable="0" notExecuted="6" disconnected="0" warning="0" completed="0" inProgress="0" pending="0" />
    <RunInfos>
      <RunInfo computerName="QA-PC" outcome="Error" timestamp="2011-07-13T12:33:03.9620311+05:30">
        <Text>Test host process exited unexpectedly.</Text>
      </RunInfo>
    </RunInfos>
  </ResultSummary>
  <TestDefinitions>
    <UnitTest name="Save" storage="e:\harish\personal\project\repositorypattern\testcase\bin\debug\testcase.dll" id="34c9eb3f-fba5-552c-11a3-9ad7254f99bc">
      <Execution id="2dcada37-0506-493a-be8a-04fb5153b433" />
      <TestMethod codeBase="E:/Harish/Personal/Project/RepositoryPattern/TestCase/bin/Debug/TestCase.DLL" adapterTypeName="Microsoft.VisualStudio.TestTools.TestTypes.Unit.UnitTestAdapter, Microsoft.VisualStudio.QualityTools.Tips.UnitTest.Adapter, Version=10.0.0.0, Culture=neutral, PublicKeyToken=b03f5f7f11d50a3a" className="TestCase.Department, TestCase, Version=1.0.0.0, Culture=neutral, PublicKeyToken=null" name="Save" />
    </UnitTest>
    <UnitTest name="Remove" storage="e:\harish\personal\project\repositorypattern\testcase\bin\debug\testcase.dll" id="bc9d694a-4191-2bfc-5f36-b64a5302c523">
      <Execution id="253f3bb0-7781-40fa-ac34-a1524558f360" />
      <TestMethod codeBase="E:/Harish/Personal/Project/RepositoryPattern/TestCase/bin/Debug/TestCase.DLL" adapterTypeName="Microsoft.VisualStudio.TestTools.TestTypes.Unit.UnitTestAdapter, Microsoft.VisualStudio.QualityTools.Tips.UnitTest.Adapter, Version=10.0.0.0, Culture=neutral, PublicKeyToken=b03f5f7f11d50a3a" className="TestCase.Department, TestCase, Version=1.0.0.0, Culture=neutral, PublicKeyToken=null" name="Remove" />
    </UnitTest>
    <UnitTest name="GetAll" storage="e:\harish\personal\project\repositorypattern\testcase\bin\debug\testcase.dll" id="5ea52863-6514-67e6-e01c-b762becdaa2d">
      <Execution id="41db68e7-0b62-4552-9689-1c85f33110e2" />
      <TestMethod codeBase="E:/Harish/Personal/Project/RepositoryPattern/TestCase/bin/Debug/TestCase.DLL" adapterTypeName="Microsoft.VisualStudio.TestTools.TestTypes.Unit.UnitTestAdapter, Microsoft.VisualStudio.QualityTools.Tips.UnitTest.Adapter, Version=10.0.0.0, Culture=neutral, PublicKeyToken=b03f5f7f11d50a3a" className="TestCase.Department, TestCase, Version=1.0.0.0, Culture=neutral, PublicKeyToken=null" name="GetAll" />
    </UnitTest>
    <UnitTest name="GetById" storage="e:\harish\personal\project\repositorypattern\testcase\bin\debug\testcase.dll" id="029e4f28-5430-e0d2-274d-4bac2cd65418">
      <Execution id="33811810-ac53-4417-9595-7e7a6c43d439" />
      <TestMethod codeBase="E:/Harish/Personal/Project/RepositoryPattern/TestCase/bin/Debug/TestCase.DLL" adapterTypeName="Microsoft.VisualStudio.TestTools.TestTypes.Unit.UnitTestAdapter, Microsoft.VisualStudio.QualityTools.Tips.UnitTest.Adapter, Version=10.0.0.0, Culture=neutral, PublicKeyToken=b03f5f7f11d50a3a" className="TestCase.User, TestCase, Version=1.0.0.0, Culture=neutral, PublicKeyToken=null" name="GetById" />
    </UnitTest>
    <UnitTest name="Remove" storage="e:\harish\personal\project\repositorypattern\testcase\bin\debug\testcase.dll" id="62686fb1-ea66-dd38-6526-14a2c35b7d9e">
      <Execution id="84303212-90f9-4d88-8c69-9d653c23b24e" />
      <TestMethod codeBase="E:/Harish/Personal/Project/RepositoryPattern/TestCase/bin/Debug/TestCase.DLL" adapterTypeName="Microsoft.VisualStudio.TestTools.TestTypes.Unit.UnitTestAdapter, Microsoft.VisualStudio.QualityTools.Tips.UnitTest.Adapter, Version=10.0.0.0, Culture=neutral, PublicKeyToken=b03f5f7f11d50a3a" className="TestCase.User, TestCase, Version=1.0.0.0, Culture=neutral, PublicKeyToken=null" name="Remove" />
    </UnitTest>
    <UnitTest name="GetAll" storage="e:\harish\personal\project\repositorypattern\testcase\bin\debug\testcase.dll" id="3a94fc7c-bef5-a52b-b9ba-627d606f9d6f">
      <Execution id="0741d30e-bbe6-4f85-b824-e27853b50720" />
      <TestMethod codeBase="E:/Harish/Personal/Project/RepositoryPattern/TestCase/bin/Debug/TestCase.DLL" adapterTypeName="Microsoft.VisualStudio.TestTools.TestTypes.Unit.UnitTestAdapter, Microsoft.VisualStudio.QualityTools.Tips.UnitTest.Adapter, Version=10.0.0.0, Culture=neutral, PublicKeyToken=b03f5f7f11d50a3a" className="TestCase.User, TestCase, Version=1.0.0.0, Culture=neutral, PublicKeyToken=null" name="GetAll" />
    </UnitTest>
    <UnitTest name="Save" storage="e:\harish\personal\project\repositorypattern\testcase\bin\debug\testcase.dll" id="fb41fc7e-5006-123f-f244-35118257dab1">
      <Execution id="566092b0-e3e4-4fe6-b5ae-441182c3d477" />
      <TestMethod codeBase="E:/Harish/Personal/Project/RepositoryPattern/TestCase/bin/Debug/TestCase.DLL" adapterTypeName="Microsoft.VisualStudio.TestTools.TestTypes.Unit.UnitTestAdapter, Microsoft.VisualStudio.QualityTools.Tips.UnitTest.Adapter, Version=10.0.0.0, Culture=neutral, PublicKeyToken=b03f5f7f11d50a3a" className="TestCase.User, TestCase, Version=1.0.0.0, Culture=neutral, PublicKeyToken=null" name="Save" />
    </UnitTest>
    <UnitTest name="GetById" storage="e:\harish\personal\project\repositorypattern\testcase\bin\debug\testcase.dll" id="220bd03a-93a6-1b93-a5f1-96953a84e428">
      <Execution id="a5ff94a3-f252-4316-9994-4d8bc76b27e4" />
      <TestMethod codeBase="E:/Harish/Personal/Project/RepositoryPattern/TestCase/bin/Debug/TestCase.DLL" adapterTypeName="Microsoft.VisualStudio.TestTools.TestTypes.Unit.UnitTestAdapter, Microsoft.VisualStudio.QualityTools.Tips.UnitTest.Adapter, Version=10.0.0.0, Culture=neutral, PublicKeyToken=b03f5f7f11d50a3a" className="TestCase.Department, TestCase, Version=1.0.0.0, Culture=neutral, PublicKeyToken=null" name="GetById" />
    </UnitTest>
  </TestDefinitions>
  <TestLists>
    <TestList name="Results Not in a List" id="8c84fa94-04c1-424b-9868-57a2d4851a1d" />
    <TestList name="All Loaded Results" id="19431567-8539-422a-85d7-44ee4e166bda" />
  </TestLists>
  <TestEntries>
    <TestEntry testId="029e4f28-5430-e0d2-274d-4bac2cd65418" executionId="33811810-ac53-4417-9595-7e7a6c43d439" testListId="8c84fa94-04c1-424b-9868-57a2d4851a1d" />
    <TestEntry testId="220bd03a-93a6-1b93-a5f1-96953a84e428" executionId="a5ff94a3-f252-4316-9994-4d8bc76b27e4" testListId="8c84fa94-04c1-424b-9868-57a2d4851a1d" />
    <TestEntry testId="34c9eb3f-fba5-552c-11a3-9ad7254f99bc" executionId="2dcada37-0506-493a-be8a-04fb5153b433" testListId="8c84fa94-04c1-424b-9868-57a2d4851a1d" />
    <TestEntry testId="3a94fc7c-bef5-a52b-b9ba-627d606f9d6f" executionId="0741d30e-bbe6-4f85-b824-e27853b50720" testListId="8c84fa94-04c1-424b-9868-57a2d4851a1d" />
    <TestEntry testId="5ea52863-6514-67e6-e01c-b762becdaa2d" executionId="41db68e7-0b62-4552-9689-1c85f33110e2" testListId="8c84fa94-04c1-424b-9868-57a2d4851a1d" />
    <TestEntry testId="62686fb1-ea66-dd38-6526-14a2c35b7d9e" executionId="84303212-90f9-4d88-8c69-9d653c23b24e" testListId="8c84fa94-04c1-424b-9868-57a2d4851a1d" />
    <TestEntry testId="bc9d694a-4191-2bfc-5f36-b64a5302c523" executionId="253f3bb0-7781-40fa-ac34-a1524558f360" testListId="8c84fa94-04c1-424b-9868-57a2d4851a1d" />
    <TestEntry testId="fb41fc7e-5006-123f-f244-35118257dab1" executionId="566092b0-e3e4-4fe6-b5ae-441182c3d477" testListId="8c84fa94-04c1-424b-9868-57a2d4851a1d" />
  </TestEntries>
  <Results>
    <UnitTestResult executionId="33811810-ac53-4417-9595-7e7a6c43d439" testId="029e4f28-5430-e0d2-274d-4bac2cd65418" testName="GetById" computerName="QA-PC" duration="00:00:00.5650921" startTime="2011-07-13T12:32:28.6700125+05:30" endTime="2011-07-13T12:32:29.8650809+05:30" testType="13cdc9d9-ddb5-4fa4-a97d-d965ccfc6d4b" outcome="Passed" testListId="8c84fa94-04c1-424b-9868-57a2d4851a1d" relativeResultsDirectory="33811810-ac53-4417-9595-7e7a6c43d439">
      <Output>
        <StdOut>object has been return successully</StdOut>
      </Output>
    </UnitTestResult>
    <UnitTestResult executionId="a5ff94a3-f252-4316-9994-4d8bc76b27e4" testId="220bd03a-93a6-1b93-a5f1-96953a84e428" testName="GetById" computerName="QA-PC" duration="00:00:34.0749489" startTime="2011-07-13T12:32:29.8890823+05:30" endTime="2011-07-13T12:33:03.9640312+05:30" testType="13cdc9d9-ddb5-4fa4-a97d-d965ccfc6d4b" outcome="Aborted" testListId="8c84fa94-04c1-424b-9868-57a2d4851a1d" relativeResultsDirectory="a5ff94a3-f252-4316-9994-4d8bc76b27e4">
    </UnitTestResult>
    <UnitTestResult executionId="2dcada37-0506-493a-be8a-04fb5153b433" testId="34c9eb3f-fba5-552c-11a3-9ad7254f99bc" testName="Save" computerName="QA-PC" testType="13cdc9d9-ddb5-4fa4-a97d-d965ccfc6d4b" outcome="NotExecuted" testListId="8c84fa94-04c1-424b-9868-57a2d4851a1d" relativeResultsDirectory="2dcada37-0506-493a-be8a-04fb5153b433">
    </UnitTestResult>
    <UnitTestResult executionId="0741d30e-bbe6-4f85-b824-e27853b50720" testId="3a94fc7c-bef5-a52b-b9ba-627d606f9d6f" testName="GetAll" computerName="QA-PC" testType="13cdc9d9-ddb5-4fa4-a97d-d965ccfc6d4b" outcome="NotExecuted" testListId="8c84fa94-04c1-424b-9868-57a2d4851a1d" relativeResultsDirectory="0741d30e-bbe6-4f85-b824-e27853b50720">
    </UnitTestResult>
    <UnitTestResult executionId="41db68e7-0b62-4552-9689-1c85f33110e2" testId="5ea52863-6514-67e6-e01c-b762becdaa2d" testName="GetAll" computerName="QA-PC" testType="13cdc9d9-ddb5-4fa4-a97d-d965ccfc6d4b" outcome="NotExecuted" testListId="8c84fa94-04c1-424b-9868-57a2d4851a1d" relativeResultsDirectory="41db68e7-0b62-4552-9689-1c85f33110e2">
    </UnitTestResult>
    <UnitTestResult executionId="84303212-90f9-4d88-8c69-9d653c23b24e" testId="62686fb1-ea66-dd38-6526-14a2c35b7d9e" testName="Remove" computerName="QA-PC" testType="13cdc9d9-ddb5-4fa4-a97d-d965ccfc6d4b" outcome="NotExecuted" testListId="8c84fa94-04c1-424b-9868-57a2d4851a1d" relativeResultsDirectory="84303212-90f9-4d88-8c69-9d653c23b24e">
    </UnitTestResult>
    <UnitTestResult executionId="253f3bb0-7781-40fa-ac34-a1524558f360" testId="bc9d694a-4191-2bfc-5f36-b64a5302c523" testName="Remove" computerName="QA-PC" testType="13cdc9d9-ddb5-4fa4-a97d-d965ccfc6d4b" outcome="NotExecuted" testListId="8c84fa94-04c1-424b-9868-57a2d4851a1d" relativeResultsDirectory="253f3bb0-7781-40fa-ac34-a1524558f360">
    </UnitTestResult>
    <UnitTestResult executionId="566092b0-e3e4-4fe6-b5ae-441182c3d477" testId="fb41fc7e-5006-123f-f244-35118257dab1" testName="Save" computerName="QA-PC" testType="13cdc9d9-ddb5-4fa4-a97d-d965ccfc6d4b" outcome="NotExecuted" testListId="8c84fa94-04c1-424b-9868-57a2d4851a1d" relativeResultsDirectory="566092b0-e3e4-4fe6-b5ae-441182c3d477">
    </UnitTestResult>
  </Results>
</TestRun>