<?xml version="1.0" encoding="UTF-8"?>
<TestRun id="2091d794-74ec-4bab-85f8-59a510fc5bb6" name="admin@QA-PC 2011-07-13 12:20:52" runUser="QA-PC\admin" xmlns="http://microsoft.com/schemas/VisualStudio/TeamTest/2010">
  <TestSettings name="Local" id="7637512d-7cbd-4d67-9f39-cc9f620de904">
    <Description>These are default test settings for a local test run.</Description>
    <Deployment userDeploymentRoot="E:\Harish\Personal\Project\RepositoryPattern\TestResults" useDefaultDeploymentRoot="false" enabled="false" runDeploymentRoot="admin_QA-PC 2011-07-13 12_20_52">
      <DeploymentItem filename="E:\Harish\Personal\Project\RepositoryPattern\Reference\StructureMap.dll" />
      <DeploymentItem filename="E:\Harish\Personal\Project\RepositoryPattern\BussinessLayer\bin\Debug\BussinessLayer.dll" />
      <DeploymentItem filename="E:\Harish\Personal\Project\RepositoryPattern\DataAccessLayer\bin\Debug\DataAccessLayer.dll" />
    </Deployment>
    <Execution>
      <TestTypeSpecific />
      <AgentRule name="Execution Agents">
      </AgentRule>
    </Execution>
  </TestSettings>
  <Times creation="2011-07-13T12:20:52.3871874+05:30" queuing="2011-07-13T12:20:53.6312586+05:30" start="2011-07-13T12:20:53.9022741+05:30" finish="2011-07-13T12:21:18.2396661+05:30" />
  <ResultSummary outcome="Error">
    <Counters total="1" executed="1" error="0" failed="0" timeout="0" aborted="1" inconclusive="0" passedButRunAborted="0" notRunnable="0" notExecuted="0" disconnected="0" warning="0" passed="0" completed="0" inProgress="0" pending="0" />
    <RunInfos>
      <RunInfo computerName="QA-PC" outcome="Error" timestamp="2011-07-13T12:21:18.2386660+05:30">
        <Text>Test host process exited unexpectedly.</Text>
      </RunInfo>
    </RunInfos>
  </ResultSummary>
  <TestDefinitions>
    <UnitTest name="GetById" storage="e:\harish\personal\project\repositorypattern\testcase\bin\debug\testcase.dll" id="029e4f28-5430-e0d2-274d-4bac2cd65418">
      <Execution id="3f40a8b2-b22a-4855-b630-ac67cf78429a" />
      <TestMethod codeBase="E:/Harish/Personal/Project/RepositoryPattern/TestCase/bin/Debug/TestCase.DLL" adapterTypeName="Microsoft.VisualStudio.TestTools.TestTypes.Unit.UnitTestAdapter, Microsoft.VisualStudio.QualityTools.Tips.UnitTest.Adapter, Version=10.0.0.0, Culture=neutral, PublicKeyToken=b03f5f7f11d50a3a" className="TestCase.User, TestCase, Version=1.0.0.0, Culture=neutral, PublicKeyToken=null" name="GetById" />
    </UnitTest>
  </TestDefinitions>
  <TestLists>
    <TestList name="Results Not in a List" id="8c84fa94-04c1-424b-9868-57a2d4851a1d" />
    <TestList name="All Loaded Results" id="19431567-8539-422a-85d7-44ee4e166bda" />
  </TestLists>
  <TestEntries>
    <TestEntry testId="029e4f28-5430-e0d2-274d-4bac2cd65418" executionId="3f40a8b2-b22a-4855-b630-ac67cf78429a" testListId="8c84fa94-04c1-424b-9868-57a2d4851a1d" />
  </TestEntries>
  <Results>
    <UnitTestResult executionId="3f40a8b2-b22a-4855-b630-ac67cf78429a" testId="029e4f28-5430-e0d2-274d-4bac2cd65418" testName="GetById" computerName="QA-PC" duration="00:00:24.1263799" startTime="2011-07-13T12:20:54.1132862+05:30" endTime="2011-07-13T12:21:18.2396661+05:30" testType="13cdc9d9-ddb5-4fa4-a97d-d965ccfc6d4b" outcome="Aborted" testListId="8c84fa94-04c1-424b-9868-57a2d4851a1d" relativeResultsDirectory="3f40a8b2-b22a-4855-b630-ac67cf78429a">
    </UnitTestResult>
  </Results>
</TestRun>